LogicalSort(sort0=[$1], dir0=[DESC-nulls-last])
  LogicalAggregate(group=[{0}], revenue=[SUM($1)])
    LogicalProject(n_name=[$2], $f1=[*($0, -(1, $1))])
      LogicalJoin(condition=[=($3, $4)], joinType=[inner])
        LogicalProject(L_EXTENDEDPRICE=[$0], L_DISCOUNT=[$1], N_NAME=[$4], N_REGIONKEY=[$5])
          LogicalJoin(condition=[=($2, $3)], joinType=[inner])
            LogicalProject(L_EXTENDEDPRICE=[$2], L_DISCOUNT=[$3], S_NATIONKEY=[$5])
              LogicalJoin(condition=[AND(=($1, $4), =($0, $5))], joinType=[inner])
                LogicalProject(C_NATIONKEY=[$0], L_SUPPKEY=[$3], L_EXTENDEDPRICE=[$4], L_DISCOUNT=[$5])
                  LogicalJoin(condition=[=($2, $1)], joinType=[inner])
                    LogicalProject(C_NATIONKEY=[$1], O_ORDERKEY=[$2])
                      LogicalJoin(condition=[=($0, $3)], joinType=[inner])
                        LogicalProject(C_CUSTKEY=[$0], C_NATIONKEY=[$3])
                          LogicalTableScan(table=[[__bodolocal__, customer]])
                        LogicalProject(O_ORDERKEY=[$0], O_CUSTKEY=[$1])
                          LogicalFilter(condition=[AND(>=($4, CAST('1994-01-01'):DATE NOT NULL), <($4, CAST('1995-01-01'):DATE NOT NULL))])
                            LogicalTableScan(table=[[__bodolocal__, orders]])
                    LogicalProject(L_ORDERKEY=[$0], L_SUPPKEY=[$2], L_EXTENDEDPRICE=[$5], L_DISCOUNT=[$6])
                      LogicalTableScan(table=[[__bodolocal__, lineitem]])
                LogicalProject(S_SUPPKEY=[$0], S_NATIONKEY=[$3])
                  LogicalTableScan(table=[[__bodolocal__, supplier]])
            LogicalProject(N_NATIONKEY=[$0], N_NAME=[$1], N_REGIONKEY=[$2])
              LogicalFilter(condition=[IS NOT NULL($0)])
                LogicalTableScan(table=[[__bodolocal__, nation]])
        LogicalProject(R_REGIONKEY=[$0])
          LogicalFilter(condition=[=($1, 'ASIA')])
            LogicalTableScan(table=[[__bodolocal__, region]])
