LogicalSort(sort0=[$1], sort1=[$2], sort2=[$0], dir0=[DESC-nulls-last], dir1=[ASC-nulls-first], dir2=[ASC-nulls-first], fetch=[10])
  LogicalProject(l_orderkey=[$4], revenue=[*($3, $5)], o_orderdate=[$1], o_shippriority=[$2])
    LogicalJoin(condition=[=($4, $0)], joinType=[inner])
      LogicalAggregate(group=[{0, 1, 2}], agg#0=[$SUM0($3)])
        LogicalProject(O_ORDERKEY=[$2], O_ORDERDATE=[$4], O_SHIPPRIORITY=[$5], $f7=[*($1, $6)])
          LogicalJoin(condition=[=($0, $3)], joinType=[inner])
            LogicalAggregate(group=[{0}], agg#0=[COUNT()])
              LogicalFilter(condition=[=($6, 'BUILDING')])
                LogicalTableScan(table=[[__bodolocal__, customer]])
            LogicalAggregate(group=[{0, 1, 4, 7}], agg#0=[COUNT()])
              LogicalFilter(condition=[<($4, CAST('1995-03-15'):TIMESTAMP(0) NOT NULL)])
                LogicalTableScan(table=[[__bodolocal__, orders]])
      LogicalAggregate(group=[{0}], revenue=[SUM($1)])
        LogicalProject(L_ORDERKEY=[$0], $f3=[*($5, -(1, $6))])
          LogicalFilter(condition=[>($10, CAST('1995-03-15'):TIMESTAMP(0) NOT NULL)])
            LogicalTableScan(table=[[__bodolocal__, lineitem]])
