PandasSort(sort0=[$0], dir0=[ASC-nulls-first])
  PandasProject(o_orderpriority=[$0], order_count=[$1])
    PandasAggregate(group=[{1}], order_count=[$SUM0($2)])
      PandasJoin(condition=[=($0, $3)], joinType=[inner])
        PandasAggregate(group=[{0, 5}], order_count=[COUNT()])
          PandasFilter(condition=[AND(>=($4, 1993-07-01), <($4, +(1993-07-01, 3:INTERVAL MONTH)), IS NOT NULL($0))])
            PandasTableScan(table=[[__bodolocal__, orders]])
        PandasAggregate(group=[{0}])
          PandasFilter(condition=[AND(<($11, $12), IS NOT NULL($0))])
            PandasTableScan(table=[[__bodolocal__, lineitem]])
