LogicalSort(sort0=[$4], sort1=[$3], dir0=[DESC-nulls-last], dir1=[ASC-nulls-first])
  LogicalProject(c_name=[$1], c_custkey=[$0], o_orderkey=[$2], o_orderdate=[$4], o_totalprice=[$3], EXPR$5=[$5])
    LogicalJoin(condition=[=($2, $6)], joinType=[inner])
      LogicalProject(C_CUSTKEY=[$0], C_NAME=[$1], O_ORDERKEY=[$2], O_TOTALPRICE=[$3], O_ORDERDATE=[$4], $f8=[*($5, $7)])
        LogicalJoin(condition=[=($2, $6)], joinType=[inner])
          LogicalProject(C_CUSTKEY=[$0], C_NAME=[$1], O_ORDERKEY=[$3], O_TOTALPRICE=[$5], O_ORDERDATE=[$6], $f8=[*($2, $7)])
            LogicalJoin(condition=[=($0, $4)], joinType=[inner])
              LogicalAggregate(group=[{0, 1}], agg#0=[COUNT()])
                LogicalTableScan(table=[[__bodolocal__, customer]])
              LogicalAggregate(group=[{0, 1, 3, 4}], agg#0=[COUNT()])
                LogicalTableScan(table=[[__bodolocal__, orders]])
          LogicalProject(l_orderkey=[$0], EXPR$5=[$1])
            LogicalAggregate(group=[{0}], EXPR$5=[SUM($4)])
              LogicalTableScan(table=[[__bodolocal__, lineitem]])
      LogicalFilter(condition=[IS NOT NULL($0)])
        LogicalProject(l_orderkey=[$0])
          LogicalFilter(condition=[>($1, 300)])
            LogicalProject(l_orderkey=[$0], $f1=[$1])
              LogicalAggregate(group=[{0}], agg#0=[SUM($4)])
                LogicalTableScan(table=[[__bodolocal__, lineitem]])
