PandasSort(sort0=[$1], dir0=[DESC-nulls-last])
  PandasProject(ps_partkey=[$0], val=[$1])
    PandasJoin(condition=[>($1, $2)], joinType=[inner])
      PandasAggregate(group=[{0}], val=[SUM($1)])
        PandasProject(ps_partkey=[$0], $f1=[*($2, $1)])
          PandasJoin(condition=[=($3, $4)], joinType=[inner])
            PandasProject(PS_PARTKEY=[$0], PS_AVAILQTY=[$2], PS_SUPPLYCOST=[$3], S_NATIONKEY=[$5])
              PandasJoin(condition=[=($1, $4)], joinType=[inner])
                PandasProject(PS_PARTKEY=[$0], PS_SUPPKEY=[$1], PS_AVAILQTY=[$2], PS_SUPPLYCOST=[$3])
                  PandasTableScan(table=[[__bodolocal__, partsupp]])
                PandasProject(S_SUPPKEY=[$0], S_NATIONKEY=[$3])
                  PandasTableScan(table=[[__bodolocal__, supplier]])
            PandasProject(N_NATIONKEY=[$0])
              PandasFilter(condition=[=($1, 'GERMANY')])
                PandasTableScan(table=[[__bodolocal__, nation]])
      PandasAggregate(group=[{}], agg#0=[SINGLE_VALUE($0)])
        PandasProject(EXPR$0=[*($0, 0.0001:DECIMAL(5, 4))])
          PandasAggregate(group=[{}], agg#0=[SUM($0)])
            PandasProject($f0=[*($1, $0)])
              PandasJoin(condition=[=($2, $3)], joinType=[inner])
                PandasProject(PS_AVAILQTY=[$1], PS_SUPPLYCOST=[$2], S_NATIONKEY=[$4])
                  PandasJoin(condition=[=($0, $3)], joinType=[inner])
                    PandasProject(PS_SUPPKEY=[$1], PS_AVAILQTY=[$2], PS_SUPPLYCOST=[$3])
                      PandasTableScan(table=[[__bodolocal__, partsupp]])
                    PandasProject(S_SUPPKEY=[$0], S_NATIONKEY=[$3])
                      PandasTableScan(table=[[__bodolocal__, supplier]])
                PandasProject(N_NATIONKEY=[$0])
                  PandasFilter(condition=[=($1, 'GERMANY')])
                    PandasTableScan(table=[[__bodolocal__, nation]])
