LogicalProject(promo_revenue=[/(*(100.00:DECIMAL(5, 2), $0), $1)])
  LogicalAggregate(group=[{}], agg#0=[SUM($0)], agg#1=[SUM($1)])
    LogicalProject($f0=[CASE($3, $1, 0:DOUBLE)], $f1=[$1])
      LogicalJoin(condition=[=($0, $2)], joinType=[inner])
        LogicalProject(L_PARTKEY=[$1], $f1=[*($5, -(1, $6))])
          LogicalFilter(condition=[AND(>=($10, CAST(1995-09-01):TIMESTAMP(0) NOT NULL), <($10, CAST(+(1995-09-01, 1:INTERVAL MONTH)):TIMESTAMP(0) NOT NULL))])
            LogicalTableScan(table=[[__bodolocal__, lineitem]])
        LogicalProject(P_PARTKEY=[$0], EXPR$0=[LIKE($4, 'PROMO%')])
          LogicalTableScan(table=[[__bodolocal__, part]])
