PandasSort(sort0=[$1], sort1=[$0], dir0=[DESC-nulls-last], dir1=[DESC-nulls-last])
  PandasProject(c_count=[$0], custdist=[$1])
    PandasAggregate(group=[{1}], custdist=[COUNT()])
      PandasAggregate(group=[{0}], EXPR$1=[COUNT($1)])
        PandasJoin(condition=[=($0, $2)], joinType=[left])
          PandasProject(C_CUSTKEY=[$0])
            PandasTableScan(table=[[__bodolocal__, customer]])
          PandasProject(O_ORDERKEY=[$0], O_CUSTKEY=[$1])
            PandasFilter(condition=[NOT(LIKE($8, '%special%requests%'))])
              PandasTableScan(table=[[__bodolocal__, orders]])
