LogicalSort(sort0=[$3], sort1=[$0], sort2=[$1], sort3=[$2], dir0=[DESC-nulls-last], dir1=[ASC-nulls-first], dir2=[ASC-nulls-first], dir3=[ASC-nulls-first])
  LogicalProject(p_brand=[$0], p_type=[$1], p_size=[$2], supplier_cnt=[$3])
    LogicalAggregate(group=[{8, 9, 10}], supplier_cnt=[COUNT(DISTINCT $1)])
      LogicalFilter(condition=[OR(=($14, 0), AND(IS NULL($17), >=($15, $14), IS NOT NULL($1)))])
        LogicalJoin(condition=[=($1, $16)], joinType=[left])
          LogicalJoin(condition=[true], joinType=[inner])
            LogicalJoin(condition=[=($5, $0)], joinType=[inner])
              LogicalTableScan(table=[[__bodolocal__, partsupp]])
              LogicalFilter(condition=[AND(SEARCH($3, Sarg[(-∞..'BRAND#45':VARCHAR CHARACTER SET "UTF-8"), ('BRAND#45':VARCHAR CHARACTER SET "UTF-8"..+∞)]:VARCHAR CHARACTER SET "UTF-8"), SEARCH($5, Sarg[3, 9, 14, 19, 23, 36, 45, 49]), NOT(LIKE($4, 'MEDIUM POLISHED%')))])
                LogicalTableScan(table=[[__bodolocal__, part]])
            LogicalAggregate(group=[{}], c=[COUNT()], ck=[COUNT($0)])
              LogicalFilter(condition=[LIKE($6, '%Customer%Complaints%')])
                LogicalTableScan(table=[[__bodolocal__, supplier]])
          LogicalAggregate(group=[{0, 1}])
            LogicalProject(s_suppkey=[$0], i=[true])
              LogicalFilter(condition=[LIKE($6, '%Customer%Complaints%')])
                LogicalTableScan(table=[[__bodolocal__, supplier]])
