LogicalSort(sort0=[$0], dir0=[ASC-nulls-first])
  LogicalProject(l_shipmode=[$0], high_line_count=[$1], low_line_count=[$2])
    LogicalAggregate(group=[{0}], high_line_count=[SUM($1)], low_line_count=[SUM($2)])
      LogicalProject(L_SHIPMODE=[$4], $f6=[CAST(*($1, $5)):INTEGER NOT NULL], $f7=[CAST(*($2, $5)):INTEGER NOT NULL])
        LogicalJoin(condition=[=($0, $3)], joinType=[inner])
          LogicalAggregate(group=[{0}], high_line_count=[SUM($1)], low_line_count=[SUM($2)])
            LogicalProject(O_ORDERKEY=[$0], $f1=[CASE(SEARCH($5, Sarg['1-URGENT':VARCHAR CHARACTER SET "UTF-8", '2-HIGH':VARCHAR CHARACTER SET "UTF-8"]:VARCHAR CHARACTER SET "UTF-8"), 1, 0)], $f2=[CASE(SEARCH($5, Sarg[(-∞..'1-URGENT':VARCHAR CHARACTER SET "UTF-8"), ('1-URGENT':VARCHAR CHARACTER SET "UTF-8"..'2-HIGH':VARCHAR CHARACTER SET "UTF-8"), ('2-HIGH':VARCHAR CHARACTER SET "UTF-8"..+∞)]:VARCHAR CHARACTER SET "UTF-8"), 1, 0)])
              LogicalTableScan(table=[[__bodolocal__, orders]])
          LogicalAggregate(group=[{0, 14}], agg#0=[COUNT()])
            LogicalFilter(condition=[AND(SEARCH($14, Sarg['MAIL', 'SHIP']:CHAR(4) CHARACTER SET "UTF-8"), <($11, $12), <($10, $11), >=($12, CAST(1994-01-01):TIMESTAMP(0) NOT NULL), <($12, CAST(+(1994-01-01, 12:INTERVAL YEAR)):TIMESTAMP(0) NOT NULL))])
              LogicalTableScan(table=[[__bodolocal__, lineitem]])
