PandasSort(sort0=[$0], sort1=[$2], sort2=[$1], sort3=[$3], dir0=[DESC-nulls-last], dir1=[ASC-nulls-first], dir2=[ASC-nulls-first], dir3=[ASC-nulls-first])
  PandasProject(s_acctbal=[$5], s_name=[$2], n_name=[$8], p_partkey=[$0], p_mfgr=[$1], s_address=[$3], s_phone=[$4], s_comment=[$6])
    PandasJoin(condition=[AND(=($0, $9), =($7, $10))], joinType=[inner])
      PandasProject(P_PARTKEY=[$0], P_MFGR=[$1], S_NAME=[$2], S_ADDRESS=[$3], S_PHONE=[$4], S_ACCTBAL=[$5], S_COMMENT=[$6], PS_SUPPLYCOST=[$7], N_NAME=[$8])
        PandasJoin(condition=[=($9, $10)], joinType=[inner])
          PandasProject(P_PARTKEY=[$0], P_MFGR=[$1], S_NAME=[$2], S_ADDRESS=[$3], S_PHONE=[$5], S_ACCTBAL=[$6], S_COMMENT=[$7], PS_SUPPLYCOST=[$8], N_NAME=[$10], N_REGIONKEY=[$11])
            PandasJoin(condition=[=($4, $9)], joinType=[inner])
              PandasProject(P_PARTKEY=[$0], P_MFGR=[$1], S_NAME=[$3], S_ADDRESS=[$4], S_NATIONKEY=[$5], S_PHONE=[$6], S_ACCTBAL=[$7], S_COMMENT=[$8], PS_SUPPLYCOST=[$11])
                PandasJoin(condition=[AND(=($0, $9), =($2, $10))], joinType=[inner])
                  PandasJoin(condition=[true], joinType=[inner])
                    PandasProject(P_PARTKEY=[$0], P_MFGR=[$2])
                      PandasFilter(condition=[AND(=($5, 15), LIKE($4, '%BRASS'))])
                        PandasTableScan(table=[[__bodolocal__, part]])
                    PandasTableScan(table=[[__bodolocal__, supplier]])
                  PandasProject(PS_PARTKEY=[$0], PS_SUPPKEY=[$1], PS_SUPPLYCOST=[$3])
                    PandasTableScan(table=[[__bodolocal__, partsupp]])
              PandasProject(N_NATIONKEY=[$0], N_NAME=[$1], N_REGIONKEY=[$2])
                PandasTableScan(table=[[__bodolocal__, nation]])
          PandasProject(R_REGIONKEY=[$0])
            PandasFilter(condition=[=($1, 'EUROPE')])
              PandasTableScan(table=[[__bodolocal__, region]])
      PandasAggregate(group=[{0}], EXPR$0=[MIN($2)])
        PandasJoin(condition=[=($1, $3)], joinType=[inner])
          PandasAggregate(group=[{0, 4}], EXPR$0=[MIN($2)])
            PandasJoin(condition=[=($1, $3)], joinType=[inner])
              PandasAggregate(group=[{0, 4}], EXPR$0=[MIN($2)])
                PandasJoin(condition=[=($3, $1)], joinType=[inner])
                  PandasAggregate(group=[{0, 1}], EXPR$0=[MIN($3)])
                    PandasFilter(condition=[IS NOT NULL($0)])
                      PandasTableScan(table=[[__bodolocal__, partsupp]])
                  PandasAggregate(group=[{0, 3}])
                    PandasTableScan(table=[[__bodolocal__, supplier]])
              PandasAggregate(group=[{0, 2}])
                PandasTableScan(table=[[__bodolocal__, nation]])
          PandasAggregate(group=[{0}])
            PandasFilter(condition=[=($1, 'EUROPE')])
              PandasTableScan(table=[[__bodolocal__, region]])
