PandasSort(sort0=[$0], sort1=[$1], sort2=[$2], dir0=[ASC-nulls-first], dir1=[ASC-nulls-first], dir2=[ASC-nulls-first])
  PandasAggregate(group=[{0, 1, 2}], revenue=[SUM($3)])
    PandasProject(supp_nation=[$4], cust_nation=[$8], l_year=[EXTRACT(FLAG(YEAR), $2)], volume=[*($0, -(1, $1))])
      PandasJoin(condition=[AND(=($3, $7), OR(AND($5, $9), AND($6, $10)))], joinType=[inner], rebalanceOutput=[true])
        PandasProject(L_EXTENDEDPRICE=[$1], L_DISCOUNT=[$2], L_SHIPDATE=[$3], C_NATIONKEY=[$4], N_NAME=[$6], EXPR$0=[=($6, 'FRANCE')], EXPR$1=[=($6, 'GERMANY')])
          PandasJoin(condition=[=($0, $5)], joinType=[inner])
            PandasProject(S_NATIONKEY=[$0], L_EXTENDEDPRICE=[$1], L_DISCOUNT=[$2], L_SHIPDATE=[$3], C_NATIONKEY=[$6])
              PandasJoin(condition=[=($5, $4)], joinType=[inner])
                PandasProject(S_NATIONKEY=[$0], L_EXTENDEDPRICE=[$2], L_DISCOUNT=[$3], L_SHIPDATE=[$4], O_CUSTKEY=[$6])
                  PandasJoin(condition=[=($5, $1)], joinType=[inner])
                    PandasProject(S_NATIONKEY=[$1], L_ORDERKEY=[$2], L_EXTENDEDPRICE=[$4], L_DISCOUNT=[$5], L_SHIPDATE=[$6])
                      PandasJoin(condition=[=($0, $3)], joinType=[inner])
                        PandasProject(S_SUPPKEY=[$0], S_NATIONKEY=[$3])
                          PandasTableScan(table=[[__bodolocal__, supplier]])
                        PandasProject(L_ORDERKEY=[$0], L_SUPPKEY=[$2], L_EXTENDEDPRICE=[$5], L_DISCOUNT=[$6], L_SHIPDATE=[$10])
                          PandasFilter(condition=[SEARCH($10, Sarg[[1995-01-01..1996-12-31]])])
                            PandasTableScan(table=[[__bodolocal__, lineitem]])
                    PandasProject(O_ORDERKEY=[$0], O_CUSTKEY=[$1])
                      PandasTableScan(table=[[__bodolocal__, orders]])
                PandasProject(C_CUSTKEY=[$0], C_NATIONKEY=[$3])
                  PandasTableScan(table=[[__bodolocal__, customer]])
            PandasProject(N_NATIONKEY=[$0], N_NAME=[$1])
              PandasTableScan(table=[[__bodolocal__, nation]])
        PandasProject(N_NATIONKEY=[$0], N_NAME=[$1], EXPR$0=[=($1, 'GERMANY')], EXPR$1=[=($1, 'FRANCE')])
          PandasTableScan(table=[[__bodolocal__, nation]])
