LogicalSort(sort0=[$1], sort1=[$0], dir0=[DESC-nulls-last], dir1=[ASC-nulls-first])
  LogicalProject(s_name=[$0], numwait=[$1])
    LogicalAggregate(group=[{1}], numwait=[COUNT()])
      LogicalFilter(condition=[IS NULL($41)])
        LogicalJoin(condition=[AND(=($7, $39), =($9, $40))], joinType=[left])
          LogicalJoin(condition=[AND(=($7, $36), =($9, $37))], joinType=[inner])
            LogicalJoin(condition=[=($3, $32)], joinType=[inner])
              LogicalJoin(condition=[=($23, $7)], joinType=[inner])
                LogicalJoin(condition=[=($0, $9)], joinType=[inner])
                  LogicalFilter(condition=[IS NOT NULL($0)])
                    LogicalTableScan(table=[[__bodolocal__, supplier]])
                  LogicalFilter(condition=[AND(>($12, $11), IS NOT NULL($2), IS NOT NULL($0))])
                    LogicalTableScan(table=[[__bodolocal__, lineitem]])
                LogicalFilter(condition=[AND(=($2, 'F'), IS NOT NULL($0))])
                  LogicalTableScan(table=[[__bodolocal__, orders]])
              LogicalFilter(condition=[=($1, 'SAUDI ARABIA')])
                LogicalTableScan(table=[[__bodolocal__, nation]])
            LogicalProject(L_ORDERKEY0=[$0], L_SUPPKEY0=[$1], $f2=[true])
              LogicalAggregate(group=[{2, 3}])
                LogicalJoin(condition=[AND(=($0, $2), <>($1, $3))], joinType=[inner])
                  LogicalProject(L_ORDERKEY=[$0], L_SUPPKEY=[$2])
                    LogicalFilter(condition=[IS NOT NULL($0)])
                      LogicalTableScan(table=[[__bodolocal__, lineitem]])
                  LogicalAggregate(group=[{1, 2}])
                    LogicalJoin(condition=[=($0, $3)], joinType=[inner])
                      LogicalProject(S_NATIONKEY=[$0], L_ORDERKEY=[$1], L_SUPPKEY=[$2])
                        LogicalJoin(condition=[=($3, $1)], joinType=[inner])
                          LogicalProject(S_NATIONKEY=[$1], L_ORDERKEY=[$2], L_SUPPKEY=[$3])
                            LogicalJoin(condition=[=($0, $3)], joinType=[inner])
                              LogicalAggregate(group=[{0, 3}])
                                LogicalTableScan(table=[[__bodolocal__, supplier]])
                              LogicalAggregate(group=[{0, 2}])
                                LogicalFilter(condition=[>($12, $11)])
                                  LogicalTableScan(table=[[__bodolocal__, lineitem]])
                          LogicalAggregate(group=[{0}])
                            LogicalFilter(condition=[=($2, 'F')])
                              LogicalTableScan(table=[[__bodolocal__, orders]])
                      LogicalAggregate(group=[{0}])
                        LogicalFilter(condition=[=($1, 'SAUDI ARABIA')])
                          LogicalTableScan(table=[[__bodolocal__, nation]])
          LogicalProject(L_ORDERKEY0=[$0], L_SUPPKEY0=[$1], $f2=[true])
            LogicalAggregate(group=[{2, 3}])
              LogicalJoin(condition=[AND(=($0, $2), <>($1, $3))], joinType=[inner])
                LogicalProject(L_ORDERKEY=[$0], L_SUPPKEY=[$2])
                  LogicalFilter(condition=[AND(>($12, $11), IS NOT NULL($0))])
                    LogicalTableScan(table=[[__bodolocal__, lineitem]])
                LogicalAggregate(group=[{1, 2}])
                  LogicalJoin(condition=[=($0, $3)], joinType=[inner])
                    LogicalProject(S_NATIONKEY=[$0], L_ORDERKEY=[$1], L_SUPPKEY=[$2])
                      LogicalJoin(condition=[=($3, $1)], joinType=[inner])
                        LogicalProject(S_NATIONKEY=[$1], L_ORDERKEY=[$2], L_SUPPKEY=[$3])
                          LogicalJoin(condition=[=($0, $3)], joinType=[inner])
                            LogicalAggregate(group=[{0, 3}])
                              LogicalTableScan(table=[[__bodolocal__, supplier]])
                            LogicalAggregate(group=[{0, 2}])
                              LogicalFilter(condition=[>($12, $11)])
                                LogicalTableScan(table=[[__bodolocal__, lineitem]])
                        LogicalAggregate(group=[{0}])
                          LogicalFilter(condition=[=($2, 'F')])
                            LogicalTableScan(table=[[__bodolocal__, orders]])
                    LogicalAggregate(group=[{0}])
                      LogicalFilter(condition=[=($1, 'SAUDI ARABIA')])
                        LogicalTableScan(table=[[__bodolocal__, nation]])
