PandasProject(avg_yearly=[/($0, 7.0:DECIMAL(2, 1))])
  PandasAggregate(group=[{}], agg#0=[SUM($1)])
    PandasJoin(condition=[AND(=($2, $3), <($0, $4))], joinType=[inner])
      PandasProject(L_QUANTITY=[$1], L_EXTENDEDPRICE=[$2], P_PARTKEY=[$3])
        PandasJoin(condition=[=($3, $0)], joinType=[inner])
          PandasProject(L_PARTKEY=[$1], L_QUANTITY=[$4], L_EXTENDEDPRICE=[$5])
            PandasTableScan(table=[[__bodolocal__, lineitem]])
          PandasProject(P_PARTKEY=[$0])
            PandasFilter(condition=[AND(=($3, 'Brand#23'), =($6, 'MED BOX'))])
              PandasTableScan(table=[[__bodolocal__, part]])
      PandasProject(L_PARTKEY=[$0], EXPR$0=[*(0.2:DECIMAL(2, 1), $1)])
        PandasAggregate(group=[{1}], agg#0=[AVG($4)])
          PandasFilter(condition=[IS NOT NULL($1)])
            PandasTableScan(table=[[__bodolocal__, lineitem]])
