PandasAggregate(group=[{}], revenue=[SUM($0)])
  PandasProject($f0=[*($5, $6)])
    PandasFilter(condition=[AND(>=($10, CAST('1994-01-01'):DATE NOT NULL), <($10, CAST('1995-01-01'):DATE NOT NULL), SEARCH($6, Sarg[[0.05:DECIMAL(3, 2)..0.07:DECIMAL(3, 2)]]:DECIMAL(3, 2)), <($4, 24))])
      PandasTableScan(table=[[__bodolocal__, lineitem]])
