LogicalSort(sort0=[$0], dir0=[ASC-nulls-first])
  LogicalProject(s_suppkey=[$0], s_name=[$1], s_address=[$2], s_phone=[$3], total_revenue=[$4])
    LogicalJoin(condition=[=($4, $5)], joinType=[inner])
      LogicalProject(S_SUPPKEY=[$0], S_NAME=[$1], S_ADDRESS=[$2], S_PHONE=[$3], EXPR$1=[$5])
        LogicalJoin(condition=[=($0, $4)], joinType=[inner])
          LogicalProject(S_SUPPKEY=[$0], S_NAME=[$1], S_ADDRESS=[$2], S_PHONE=[$4])
            LogicalTableScan(table=[[__bodolocal__, supplier]])
          LogicalAggregate(group=[{0}], EXPR$1=[SUM($1)])
            LogicalProject(l_suppkey=[$2], $f1=[*($5, -(1, $6))])
              LogicalFilter(condition=[AND(>=($10, 1996-01-01), <($10, +(1996-01-01, 3:INTERVAL MONTH)))])
                LogicalTableScan(table=[[__bodolocal__, lineitem]])
      LogicalAggregate(group=[{}], EXPR$0=[MAX($1)])
        LogicalAggregate(group=[{0}], EXPR$1=[SUM($1)])
          LogicalProject(l_suppkey=[$2], $f1=[*($5, -(1, $6))])
            LogicalFilter(condition=[AND(>=($10, 1996-01-01), <($10, +(1996-01-01, 3:INTERVAL MONTH)))])
              LogicalTableScan(table=[[__bodolocal__, lineitem]])
