LogicalSort(sort0=[$2], sort1=[$0], dir0=[DESC-nulls-last], dir1=[ASC-nulls-first], fetch=[20])
  LogicalProject(c_custkey=[$0], c_name=[$1], revenue=[$7], c_acctbal=[$2], n_name=[$4], c_address=[$5], c_phone=[$3], c_comment=[$6])
    LogicalAggregate(group=[{0, 1, 2, 3, 4, 5, 6}], revenue=[SUM($7)])
      LogicalProject(c_custkey=[$0], c_name=[$1], c_acctbal=[$5], c_phone=[$4], n_name=[$10], c_address=[$2], c_comment=[$6], $f7=[*($7, -(1, $8))])
        LogicalJoin(condition=[=($3, $9)], joinType=[inner])
          LogicalProject(C_CUSTKEY=[$0], C_NAME=[$1], C_ADDRESS=[$2], C_NATIONKEY=[$3], C_PHONE=[$4], C_ACCTBAL=[$5], C_COMMENT=[$6], L_EXTENDEDPRICE=[$9], L_DISCOUNT=[$10])
            LogicalJoin(condition=[=($8, $7)], joinType=[inner])
              LogicalProject(C_CUSTKEY=[$0], C_NAME=[$1], C_ADDRESS=[$2], C_NATIONKEY=[$3], C_PHONE=[$4], C_ACCTBAL=[$5], C_COMMENT=[$6], O_ORDERKEY=[$7])
                LogicalJoin(condition=[=($0, $8)], joinType=[inner])
                  LogicalProject(C_CUSTKEY=[$0], C_NAME=[$1], C_ADDRESS=[$2], C_NATIONKEY=[$3], C_PHONE=[$4], C_ACCTBAL=[$5], C_COMMENT=[$7])
                    LogicalTableScan(table=[[__bodolocal__, customer]])
                  LogicalProject(O_ORDERKEY=[$0], O_CUSTKEY=[$1])
                    LogicalFilter(condition=[AND(>=($4, CAST('1993-10-01'):DATE NOT NULL), <($4, CAST('1994-01-01'):DATE NOT NULL))])
                      LogicalTableScan(table=[[__bodolocal__, orders]])
              LogicalProject(L_ORDERKEY=[$0], L_EXTENDEDPRICE=[$5], L_DISCOUNT=[$6])
                LogicalFilter(condition=[=($8, 'R')])
                  LogicalTableScan(table=[[__bodolocal__, lineitem]])
          LogicalProject(N_NATIONKEY=[$0], N_NAME=[$1])
            LogicalTableScan(table=[[__bodolocal__, nation]])
